// Vitest Snapshot v1, https://vitest.dev/guide/snapshot.html

exports[`title component > should match snapshot 1`] = `"<div class="flex items-center"><button class="bg-muted p-1 flex items-center justify-center rounded-full hover:bg-primary/90 hover:text-primary-foreground"><svg xmlns="http://www.w3.org/2000/svg" width="24" height="24" viewBox="0 0 24 24" fill="none" stroke="currentColor" stroke-width="2" stroke-linecap="round" stroke-linejoin="round" class="lucide-icon lucide lucide-chevron-left"><!----><path d="m15 18-6-6 6-6"></path><!----><!----><!----></svg><!----></button> <h1 class="ml-1 heading-1">Hello World<!----></h1></div>"`;
