// Vitest Snapshot v1, https://vitest.dev/guide/snapshot.html

exports[`title component > should match snapshot 1`] = `"<span class="text-xs bg-muted p-1 text-muted-foreground rounded-lg">Test Tag<!----></span>"`;
